// Jest Snapshot v1, https://goo.gl/fbAQLP

exports[`Given a Timer component When it is render Then should match the snapshot 1`] = `
<View
  style={
    Array [
      Object {
        "alignItems": "center",
      },
    ]
  }
>
  <View
    accessible={true}
    collapsable={false}
    focusable={true}
    onBlur={[Function]}
    onClick={[Function]}
    onFocus={[Function]}
    onResponderGrant={[Function]}
    onResponderMove={[Function]}
    onResponderRelease={[Function]}
    onResponderTerminate={[Function]}
    onResponderTerminationRequest={[Function]}
    onStartShouldSetResponder={[Function]}
  >
    <Text
      style={
        Array [
          Object {
            "color": "#FFD523",
          },
          Object {
            "fontSize": 100,
            "fontWeight": "600",
          },
        ]
      }
    >
      00:60
    </Text>
  </View>
</View>
`;
