// Jest Snapshot v1, https://goo.gl/fbAQLP

exports[`Given a Training component When it is render Then should match the snapshot 1`] = `
<RCTSafeAreaView
  emulateUnlessSupported={true}
  style={
    Array [
      Object {
        "backgroundColor": "#595260",
        "flex": 1,
      },
      Object {
        "alignItems": "center",
      },
    ]
  }
>
  <View
    style={
      Object {
        "backgroundColor": "#595260",
        "flex": 1,
        "justifyContent": "center",
      }
    }
  >
    <View
      accessibilityIgnoresInvertColors={true}
      style={
        Object {
          "elevation": 15,
          "height": 155,
          "shadowColor": "#000",
          "shadowOffset": Object {
            "height": 7,
            "width": 0,
          },
          "shadowOpacity": 0.43,
          "shadowRadius": 9.51,
          "width": 349,
        }
      }
    >
      <Image
        resizeMode="cover"
        source={
          Object {
            "testUri": "../../../src/images/cronoImg.png",
          }
        }
        style={
          Array [
            Object {
              "bottom": 0,
              "left": 0,
              "position": "absolute",
              "right": 0,
              "top": 0,
            },
            Object {
              "height": 155,
              "width": 349,
            },
            Object {
              "borderRadius": 15,
            },
          ]
        }
      />
    </View>
    <View
      accessible={true}
      collapsable={false}
      focusable={true}
      nativeID="animatedComponent"
      onClick={[Function]}
      onResponderGrant={[Function]}
      onResponderMove={[Function]}
      onResponderRelease={[Function]}
      onResponderTerminate={[Function]}
      onResponderTerminationRequest={[Function]}
      onStartShouldSetResponder={[Function]}
      style={
        Object {
          "backgroundColor": "#2C2E43",
          "borderRadius": 18,
          "fontSize": 24,
          "height": 35,
          "opacity": 1,
          "textAlign": "center",
          "width": 349,
        }
      }
      testID="FOR TIME"
    >
      <Text
        style={
          Array [
            Object {
              "color": "#FFD523",
            },
            Object {
              "backgroundColor": "#2C2E43",
              "borderRadius": 18,
              "fontSize": 24,
              "height": 35,
              "textAlign": "center",
              "width": 349,
            },
          ]
        }
      >
        FOR TIME
      </Text>
    </View>
    <View
      accessible={true}
      collapsable={false}
      focusable={true}
      nativeID="animatedComponent"
      onClick={[Function]}
      onResponderGrant={[Function]}
      onResponderMove={[Function]}
      onResponderRelease={[Function]}
      onResponderTerminate={[Function]}
      onResponderTerminationRequest={[Function]}
      onStartShouldSetResponder={[Function]}
      style={
        Object {
          "opacity": 1,
        }
      }
      testID="TABATA"
    >
      <Text
        style={
          Array [
            Object {
              "color": "#FFD523",
            },
            Object {
              "backgroundColor": "#2C2E43",
              "borderRadius": 18,
              "fontSize": 24,
              "height": 35,
              "textAlign": "center",
              "width": 349,
            },
          ]
        }
      >
        TABATA
      </Text>
    </View>
    <View
      accessible={true}
      collapsable={false}
      focusable={true}
      nativeID="animatedComponent"
      onClick={[Function]}
      onResponderGrant={[Function]}
      onResponderMove={[Function]}
      onResponderRelease={[Function]}
      onResponderTerminate={[Function]}
      onResponderTerminationRequest={[Function]}
      onStartShouldSetResponder={[Function]}
      style={
        Object {
          "opacity": 1,
        }
      }
      testID="CRONO"
    >
      <Text
        style={
          Array [
            Object {
              "color": "#FFD523",
            },
            Object {
              "backgroundColor": "#2C2E43",
              "borderRadius": 18,
              "fontSize": 24,
              "height": 35,
              "textAlign": "center",
              "width": 349,
            },
          ]
        }
      >
        CRONO
      </Text>
    </View>
  </View>
</RCTSafeAreaView>
`;
